// Jest Snapshot v1, https://goo.gl/fbAQLP

exports[`App component should render correctly 1`] = `
<div>
  <h1>
    Index page
  </h1>
</div>
`;
